================================================================
Program: CD-HIT, V4.8.1 (+OpenMP), Nov 25 2025, 17:55:48
Command: cd-hit -i output_phase6/clustering_input.fasta -o
         output_phase6/orthologs_nr99.fasta -c 0.99 -n 5 -d 0
         -M 2000

Started: Fri Jul 24 17:44:09 2026
================================================================
                            Output                              
----------------------------------------------------------------
total seq: 72
longest and shortest : 237 and 74
Total letters: 8765
Sequences have been sorted

Approximated minimal memory consumption:
Sequence        : 0M
Buffer          : 1 X 10M = 10M
Table           : 1 X 65M = 65M
Miscellaneous   : 0M
Total           : 75M

Table limit with the given memory limit:
Max number of representatives: 4000000
Max number of word counting entries: 240511394

comparing sequences from          0  to         72

       72  finished         63  clusters

Approximated maximum memory consumption: 75M
writing new database
writing clustering information
program completed !

Total CPU time 0.39
