aa	cc	raw_cc	prob_a	prob_d
M	0.000	0.000	0.000	0.000
D	0.000	0.000	0.000	0.000
G	0.000	0.000	0.000	0.000
T	0.000	0.000	0.000	0.000
L	0.000	0.000	0.000	0.000
F	0.000	0.000	0.000	0.000
P	0.000	0.000	0.000	0.000
G	0.000	0.000	0.000	0.000
D	0.000	0.000	0.000	0.000
D	0.000	0.000	0.000	0.000
D	0.000	0.000	0.000	0.000
L	0.000	0.001	0.000	0.000
A	0.000	0.001	0.000	0.000
I	0.000	0.001	0.000	0.000
P	0.000	0.001	0.000	0.000
A	0.000	0.002	0.000	0.000
T	0.000	0.002	0.000	0.000
E	0.000	0.002	0.000	0.000
F	0.000	0.003	0.000	0.000
F	0.000	0.004	0.000	0.000
S	0.000	0.003	0.000	0.000
T	0.000	0.004	0.001	0.000
K	0.000	0.004	0.000	0.000
A	0.000	0.003	0.000	0.000
A	0.000	0.004	0.001	0.001
K	0.000	0.005	0.000	0.000
N	0.000	0.003	0.000	0.000
P	0.000	0.005	0.001	0.001
E	0.000	0.008	0.001	0.001
T	0.000	0.007	0.001	0.000
K	0.000	0.009	0.001	0.002
R	0.000	0.015	0.006	0.003
E	0.000	0.014	0.002	0.002
A	0.000	0.011	0.001	0.001
I	0.000	0.021	0.003	0.005
V	0.000	0.016	0.003	0.004
K	0.000	0.011	0.003	0.001
A	0.000	0.022	0.001	0.002
Y	0.000	0.017	0.002	0.002
G	0.000	0.014	0.004	0.009
D	0.000	0.036	0.002	0.001
D	0.000	0.035	0.001	0.002
N	0.000	0.039	0.002	0.013
E	0.000	0.180	0.191	0.013
E	0.000	0.163	0.001	0.001
T	0.778	0.152	0.002	0.005
L	0.778	0.427	0.033	0.442
K	0.778	0.437	0.018	0.001
Q	0.778	0.409	0.001	0.002
R	0.778	0.545	0.002	0.039
L	0.778	0.632	0.611	0.031
T	0.778	0.608	0.001	0.001
N	0.778	0.675	0.001	0.001
L	0.778	0.729	0.025	0.700
E	0.778	0.714	0.031	0.002
K	0.778	0.754	0.001	0.001
K	0.778	0.761	0.001	0.020
I	0.778	0.770	0.722	0.031
T	0.778	0.772	0.001	0.000
N	0.778	0.774	0.001	0.001
I	0.778	0.778	0.030	0.735
T	0.778	0.739	0.029	0.001
T	0.778	0.745	0.001	0.001
K	0.778	0.742	0.001	0.026
F	0.778	0.725	0.690	0.033
E	0.778	0.685	0.003	0.001
Q	0.778	0.694	0.001	0.001
I	0.778	0.691	0.033	0.649
E	0.778	0.615	0.048	0.003
K	0.778	0.610	0.002	0.001
C	0.778	0.612	0.001	0.029
C	0.778	0.629	0.602	0.051
K	0.778	0.525	0.002	0.001
H	0.778	0.591	0.001	0.001
N	0.778	0.663	0.027	0.617
D	0.778	0.617	0.036	0.003
E	0.778	0.659	0.002	0.001
V	0.778	0.695	0.002	0.027
L	0.778	0.724	0.668	0.044
F	0.778	0.710	0.005	0.002
R	0.778	0.729	0.001	0.002
L	0.778	0.769	0.041	0.681
E	0.778	0.737	0.077	0.007
N	0.778	0.751	0.002	0.001
H	0.778	0.774	0.003	0.053
A	0.778	0.769	0.635	0.077
E	0.778	0.741	0.009	0.002
T	0.778	0.765	0.001	0.002
L	0.778	0.748	0.042	0.614
R	0.778	0.697	0.109	0.010
A	0.778	0.707	0.002	0.001
A	0.778	0.679	0.002	0.034
M	0.778	0.641	0.480	0.096
I	0.778	0.584	0.010	0.002
S	0.778	0.533	0.001	0.001
L	0.778	0.501	0.033	0.375
A	0.778	0.384	0.070	0.008
K	0.000	0.277	0.002	0.001
K	0.000	0.291	0.002	0.013
I	0.000	0.185	0.165	0.039
D	0.000	0.042	0.003	0.001
V	0.000	0.043	0.001	0.000
Q	0.000	0.019	0.003	0.019
T	0.000	0.002	0.002	0.000
G	0.000	0.002	0.000	0.000
R	0.000	0.001	0.000	0.000
R	0.000	0.000	0.001	0.000
P	0.000	0.000	0.000	0.000
Y	0.000	0.000	0.000	0.000
E	0.000	0.000	0.000	0.001
