PCOILS v1.0.1
Input Matrix : MTIDK
Using weights   
Alignment File: ../params/4350130.in
  1 M     d 0.000     d 0.000     d 0.001 
  2 D     e 0.000     e 0.000     e 0.001 
  3 G     f 0.000     f 0.000     f 0.001 
  4 T     g 0.000     g 0.000     g 0.001 
  5 L     a 0.000     a 0.000     a 0.001 
  6 F     b 0.000     b 0.000     b 0.001 
  7 P     c 0.000     c 0.001     c 0.001 
  8 G     b 0.001     d 0.003     d 0.004 
  9 D     e 0.002     e 0.020     e 0.020 
 10 D     f 0.004     f 0.020     f 0.026 
 11 D     g 0.004     g 0.020     g 0.026 
 12 L     a 0.004     a 0.020     a 0.026 
 13 A     b 0.007     b 0.020     b 0.026 
 14 I     c 0.009     c 0.020     c 0.026 
 15 P     d 0.016     d 0.020     d 0.026 
 16 A     e 0.121     e 0.099     e 0.026 
 17 T     f 0.121     f 0.099     f 0.026 
 18 E     g 0.121     g 0.100     g 0.026 
 19 F     a 0.121     a 0.100     a 0.026 
 20 F     b 0.121     b 0.100     b 0.026 
 21 S     c 0.121     c 0.100     c 0.026 
 22 T     d 0.121     d 0.100     d 0.026 
 23 K     e 0.121     e 0.100     e 0.026 
 24 A     f 0.121     f 0.100     f 0.026 
 25 A     g 0.121     g 0.100     g 0.026 
 26 K     a 0.121     a 0.100     a 0.026 
 27 N     b 0.121     b 0.100     b 0.026 
 28 P     c 0.121     c 0.100     c 0.026 
 29 E     d 0.121     d 0.100     d 0.026 
 30 T     e 0.100     e 0.100     e 0.026 
 31 K     f 0.100     f 0.100     f 0.026 
 32 R     g 0.094     g 0.100     g 0.026 
 33 E     a 0.046     a 0.100     a 0.026 
 34 A     b 0.046     b 0.100     e 0.044 
 35 I     c 0.040     c 0.100     f 0.089 
 36 V     d 0.025     d 0.100     g 0.119 
 37 K     e 0.018     e 0.100     a 0.209 
 38 A     f 0.017     f 0.100     b 0.370 
 39 Y     g 0.015     g 0.082     c 0.370 
 40 G     d 0.002     d 0.054     d 0.370 
 41 D     e 0.021     e 0.630     e 0.932 
 42 D     f 0.039     f 0.752     f 0.941 
 43 N     g 0.044     g 0.801     g 0.960 
 44 E     a 0.102     a 0.892     a 0.975 
 45 E     b 0.387     b 0.892     b 0.975 
 46 T     c 0.387     c 0.892     c 0.975 
 47 L     d 0.387     d 0.892     d 0.975 
 48 K     e 0.845     e 0.949     e 0.980 
 49 Q     f 0.873     f 0.949     f 0.980 
 50 R     g 0.911     g 0.957     g 0.988 
 51 L     a 0.911     a 0.957     a 0.988 
 52 T     b 0.911     b 0.957     b 0.989 
 53 N     c 0.911     c 0.957     c 0.989 
 54 L     d 0.911     d 0.957     d 0.989 
 55 E     e 0.911     e 0.957     e 0.997 
 56 K     f 0.911     f 0.957     f 0.998 
 57 K     g 0.911     g 0.957     g 0.999 
 58 I     a 0.911     a 0.957     a 0.999 
 59 T     b 0.911     b 0.957     b 0.999 
 60 N     c 0.911     c 0.957     c 0.999 
 61 I     d 0.911     d 0.957     d 0.999 
 62 T     e 0.911     e 0.957     e 0.999 
 63 T     f 0.911     f 0.957     f 0.999 
 64 K     g 0.882     g 0.957     g 0.999 
 65 F     a 0.497     a 0.957     a 0.999 
 66 E     b 0.476     b 0.957     b 0.999 
 67 Q     c 0.463     c 0.957     c 0.999 
 68 I     d 0.384     d 0.957     d 0.999 
 69 E     e 0.284     e 0.957     e 0.999 
 70 K     f 0.407     f 0.957     f 0.999 
 71 C     g 0.428     g 0.927     g 0.999 
 72 C     a 0.428     a 0.900     a 0.999 
 73 K     b 0.483     b 0.985     b 1.000 
 74 H     c 0.606     c 0.985     c 1.000 
 75 N     d 0.606     d 0.985     d 1.000 
 76 D     e 0.880     e 0.994     e 1.000 
 77 E     f 0.880     f 0.994     f 1.000 
 78 V     g 0.880     g 0.994     g 1.000 
 79 L     a 0.880     a 0.994     a 1.000 
 80 F     b 0.880     b 0.994     b 1.000 
 81 R     c 0.880     c 0.994     c 1.000 
 82 L     d 0.880     d 0.994     d 1.000 
 83 E     e 0.880     e 0.994     e 1.000 
 84 N     f 0.880     f 0.994     f 1.000 
 85 H     g 0.880     g 0.994     g 1.000 
 86 A     a 0.880     a 0.994     a 1.000 
 87 E     b 0.880     b 0.994     b 1.000 
 88 T     c 0.880     c 0.994     c 1.000 
 89 L     d 0.880     d 0.994     d 1.000 
 90 R     e 0.873     e 0.994     e 1.000 
 91 A     f 0.844     f 0.994     f 1.000 
 92 A     g 0.841     g 0.994     g 1.000 
 93 M     a 0.801     a 0.994     a 1.000 
 94 I     b 0.573     b 0.994     b 1.000 
 95 S     c 0.573     c 0.994     c 1.000 
 96 L     d 0.573     d 0.994     d 1.000 
 97 A     e 0.573     e 0.991     e 1.000 
 98 K     f 0.573     f 0.991     f 1.000 
 99 K     g 0.573     g 0.991     g 1.000 
100 I     a 0.573     a 0.991     a 1.000 
101 D     b 0.506     b 0.991     b 1.000 
102 V     c 0.390     c 0.970     c 0.999 
103 Q     d 0.050     d 0.555     d 0.998 
104 T     e 0.033     e 0.247     e 0.997 
105 G     f 0.020     f 0.242     f 0.991 
106 R     g 0.020     g 0.242     g 0.991 
107 R     a 0.012     a 0.165     a 0.939 
108 P     b 0.012     b 0.073     b 0.909 
109 Y     c 0.007     c 0.048     c 0.741 
110 E     d 0.002     d 0.023     d 0.421 
