IQ-TREE version 3.0.1 for Linux x86 64-bit built May  5 2025
Developed by Bui Quang Minh, Thomas Wong, Nhan Ly-Trong, Huaiyan Ren
Contributed by Lam-Tung Nguyen, Dominik Schrempf, Chris Bielow,
Olga Chernomor, Michael Woodhams, Diep Thi Hoang, Heiko Schmidt

Host:    Electrochemist (AVX2, FMA3, 3 GB RAM)
Command: iqtree3 -s A29L_msa_linsi.fasta -m Q.INSECT+F+I+G4 -g output_iqtree/constraint_Cervidpoxvirus.nwk -T AUTO --seed 12345 --prefix output_iqtree/constrained_Cervidpoxvirus
Seed:    12345 (Using SPRNG - Scalable Parallel Random Number Generator)
Time:    Sat Jul 25 09:59:46 2026
Kernel:  AVX+FMA - auto-detect threads (16 CPU cores detected)

Reading alignment file A29L_msa_linsi.fasta ... Fasta format detected
Reading fasta file: done in 0.00357662 secs using 28.6% CPU
Alignment most likely contains protein sequences
Constructing alignment: done in 0.00142019 secs using 2639% CPU
Alignment has 60 sequences with 300 columns, 274 distinct patterns
157 parsimony-informative, 73 singleton sites, 70 constant sites
                                                                     Gap/Ambiguity  Composition  p-value
Analyzing sequences: done in 0.00231342 secs using 1760% CPU
   1  Capripoxvirus|A0A4D6DKN1|Capripoxvirus_goatpox                        50.67%    passed     15.86%
   2  Leporipoxvirus|AAF17998.1|Leporipoxvirus_shope                        40.33%    passed     46.42%
   3  Orthopoxvirus|AAL73853.1|Orthopoxvirus_camelpox                       61.00%    passed     73.95%
   4  Orthopoxvirus|AAQ72922.1|Orthopoxvirus_skunkpox                       54.67%    passed     20.36%
   5  Yatapoxvirus|AAR07473.1|Yatapoxvirus_yabapox                          50.00%    failed      0.07%
   6  Sciuripoxvirus|ABD51467.1|Sciuripoxvirus_squirrelpox                  75.33%    passed     10.93%
   7  Orthopoxvirus|ABD97717.1|Orthopoxvirus_taterapox                      63.33%    passed     88.44%
   8  Cervidpoxvirus|ABI99110.1|Cervidpoxvirus_muledeerpox                  54.67%    passed     72.43%
   9  Cervidpoxvirus|ABI99281.1|Cervidpoxvirus_muledeerpox                  54.33%    passed     51.23%
  10  Yatapoxvirus|ABQ43592.1|Yatapoxvirus_tanapox                          50.67%    passed      7.76%
  11  Oryzopoxvirus|ADT91144.1|Oryzopoxvirus_cotia                          21.00%    failed      0.00%
  12  Centapoxvirus|AEN03720.1|Centapoxvirus_yokapox                        66.00%    passed     95.51%
  13  Parapoxvirus|AIZ77355.1|Parapoxvirus_reddeerpox                       70.00%    passed      6.79%
  14  Orthopoxvirus|AKJ93776.1|Orthopoxvirus_raccoonpox                     60.33%    passed     35.52%
  15  Pteropopoxvirus|ANS71206.1|Pteropopoxvirus_pteropox                   67.33%    passed     44.38%
  16  Orthopoxvirus|AOP31836.1|Orthopoxvirus_volepox                        56.00%    passed     58.12%
  17  Oryzopoxvirus|APG58335.1|Unclassified_BeAn58058                       21.33%    failed      0.00%
  18  Parapoxvirus|ASF89976.1|Parapoxvirus_sealpox                          70.33%    failed      1.00%
  19  Vespertilionpoxvirus|ASK51325.1|Vespertilionpoxvirus_eptesipox        62.00%    passed     92.09%
  20  Centapoxvirus|AST09338.1|Centapoxvirus_microtuspox                    60.33%    passed     14.62%
  21  Centapoxvirus|AST09540.1|Centapoxvirus_microtuspox                    61.00%    passed     49.61%
  22  Cervidpoxvirus|AUI80687.1|Unclassified_white-tailed_deer_poxvirus     54.33%    passed     59.60%
  23  Mustelpoxvirus|AWU47162.1|Mustelpoxvirus_seaotterpox                  64.00%    passed     15.41%
  24  Cervidpoxvirus|AYC44792.1|Unclassified_moosepox_virus                 55.00%    passed     37.41%
  25  Orthopoxvirus|AYN64713.1|Orthopoxvirus_abatino                        63.33%    passed     80.35%
  26  Orthopoxvirus|CAG7621171.1|Orthopoxvirus_ectomelia                    63.33%    passed     83.70%
  27  Suipoxvirus|NP_570274.1|Suipoxvirus_swinepox                          50.33%    passed     16.05%
  28  Parapoxvirus|Q6TV84|Parapoxvirus_bovinestomatitis                     70.33%    passed     12.32%
  29  Parapoxvirus|Q6TVL6|Parapoxvirus_orf                                  70.00%    passed     65.43%
  30  Leporipoxvirus|Q83655|Leporipoxvirus_myxoma                           37.33%    passed     39.42%
  31  unclassified|QDJ95055.1|Unclassified_hypsugopox_virus                 61.33%    passed     94.76%
  32  Orthopoxvirus|QED21266.1|Orthopoxvirus_borealpox                      63.33%    passed     79.79%
  33  Orthopoxvirus|QEQ49703.1|Orthopoxvirus_akhmetapox                     63.33%    passed     91.45%
  34  unclassified|QHG62676.1|Unclassified_cetacean_poxvirus_1              68.00%    passed     85.69%
  35  unclassified|QHR82657.1|Unclassified_brazilian_porcupinepox_virus_1   52.33%    passed     14.96%
  36  Avipoxvirus|QZW33596.1|Unclassified_magpiepox_virus_2                 69.33%    passed     18.96%
  37  Capripoxvirus|T2DHX9|Capripoxvirus_sheeppox                           50.67%    passed      7.75%
  38  Orthopoxvirus|V9PXP5|Orthopoxvirus_cowpox                             63.33%    passed     64.92%
  39  unclassified|WGO62741.1|Unclassified_wadden_sea_poxvirus              68.00%    failed      0.38%
  40  Parapoxvirus|WOC35488.1|Unclassified_equine_parapoxvirus              68.33%    passed     15.42%
  41  Orthopoxvirus|WWS34253.1|Orthopoxvirus_variola                        63.33%    passed     80.70%
  42  Parapoxvirus|WZD65066.1|Parapoxvirus_pseudocowpox                     70.00%    passed     41.23%
  43  Parapoxvirus|WZD65198.1|Parapoxvirus_pseudocowpox                     69.67%    passed     27.28%
  44  Parapoxvirus|WZD65323.1|Parapoxvirus_pseudocowpox                     69.67%    passed     59.38%
  45  Parapoxvirus|WZD65710.1|Parapoxvirus_bovinestomatitis                 70.67%    passed     13.44%
  46  Parapoxvirus|WZD65840.1|Parapoxvirus_bovinestomatitis                 70.67%    passed      5.51%
  47  Parapoxvirus|WZD65968.1|Parapoxvirus_bovinestomatitis                 70.33%    failed      4.60%
  48  Parapoxvirus|WZD66097.1|Parapoxvirus_bovinestomatitis                 70.67%    passed      6.60%
  49  Capripoxvirus|XKH15810.1|Capripoxvirus_sheeppox                       50.33%    passed      5.41%
  50  Parapoxvirus|XPQ45389.1|Parapoxvirus_orf                              70.00%    passed     52.69%
  51  Leporipoxvirus|YAW79107.1|Leporipoxvirus_myxoma                       37.33%    passed     41.70%
  52  Leporipoxvirus|YBO75993.1|Leporipoxvirus_myxoma                       35.67%    passed     21.57%
  53  Parapoxvirus|YBU52136.1|Parapoxvirus_orf                              70.00%    passed     38.14%
  54  Capripoxvirus|YBU52347.1|Capripoxvirus_sheeppox                       50.67%    passed     16.75%
  55  Capripoxvirus|YCL82046.1|Capripoxvirus_lumpyskinpox                   50.67%    passed     32.99%
  56  Parapoxvirus|YP_003457410.1|Parapoxvirus_pseudocowpox                 69.67%    passed     34.70%
  57  Orthopoxvirus|P20535.1|Orthopoxvirus_vaccinia                         63.33%    passed     86.62%
  58  Parapoxvirus|P26654.1|Parapoxvirus_orf                                70.33%    passed     57.34%
  59  Orthopoxvirus|YFT66960.1|Orthopoxvirus_monkeypox                      63.33%    passed     91.45%
  60  Orthopoxvirus|YFT67316.1|Orthopoxvirus_monkeypox                      63.33%    passed     91.45%
WARNING: 53 sequences contain more than 50% gaps/ambiguity
****  TOTAL                                                                 59.61%  6 sequences failed composition chi2 test (p-value<5%; df=19)
Reading constraint tree output_iqtree/constraint_Cervidpoxvirus.nwk...
Creating fast initial parsimony tree by random order stepwise addition...
0.569 seconds, parsimony score: 1344 (based on 230 sites)

NOTE: 10 MB RAM (0 GB) is required!
Measuring multi-threading efficiency up to 16 CPU cores
Increase to 10 rounds for branch lengths
22 trees examined
Threads: 1 / Time: 16.697 sec / Speedup: 1.000 / Efficiency: 100% / LogL: -11865
Threads: 2 / Time: 11.205 sec / Speedup: 1.490 / Efficiency: 75% / LogL: -11865
Threads: 3 / Time: 10.886 sec / Speedup: 1.534 / Efficiency: 51% / LogL: -11865
Threads: 4 / Time: 6.791 sec / Speedup: 2.459 / Efficiency: 61% / LogL: -11865
Threads: 5 / Time: 7.821 sec / Speedup: 2.135 / Efficiency: 43% / LogL: -11865
Determining AUTO threadcount: done in 53.418 secs using 257.1% CPU
BEST NUMBER OF THREADS: 4

Estimate model parameters (epsilon = 0.100)
Thoroughly optimizing +I+G parameters from 10 start values...
Init pinv, alpha: 0.000, 1.000 / Estimate: 0.034, 1.763 / LogL: -7042.314
Init pinv, alpha: 0.026, 1.000 / Estimate: 0.035, 1.815 / LogL: -7042.311
Init pinv, alpha: 0.052, 1.000 / Estimate: 0.036, 1.816 / LogL: -7042.311
Init pinv, alpha: 0.078, 1.000 / Estimate: 0.036, 1.816 / LogL: -7042.311
Init pinv, alpha: 0.104, 1.000 / Estimate: 0.036, 1.816 / LogL: -7042.311
Init pinv, alpha: 0.130, 1.000 / Estimate: 0.036, 1.816 / LogL: -7042.312
Init pinv, alpha: 0.156, 1.000 / Estimate: 0.036, 1.817 / LogL: -7042.312
Init pinv, alpha: 0.181, 1.000 / Estimate: 0.036, 1.817 / LogL: -7042.312
Init pinv, alpha: 0.207, 1.000 / Estimate: 0.036, 1.817 / LogL: -7042.313
Init pinv, alpha: 0.233, 1.000 / Estimate: 0.036, 1.817 / LogL: -7042.314
Optimal pinv,alpha: 0.036, 1.816 / LogL: -7042.311

Parameters optimization took 8.129 sec
Wrote distance file to... 
--------------------------------------------------------------------
|             INITIALIZING CANDIDATE TREE SET                      |
--------------------------------------------------------------------
Generating 99 parsimony trees... 0.533 second
Computing log-likelihood of 99 initial trees ... 5.710 seconds
Current best score: -7042.311

Do NNI search on 20 best initial trees
Optimizing NNI: done in 0.941814 secs using 398.8% CPU
Estimate model parameters (epsilon = 0.100)
BETTER TREE FOUND at iteration 1: -7021.121
Optimizing NNI: done in 1.26675 secs using 397.3% CPU
Optimizing NNI: done in 1.26456 secs using 398.4% CPU
Estimate model parameters (epsilon = 0.100)
BETTER TREE FOUND at iteration 3: -7019.119
Optimizing NNI: done in 1.17006 secs using 397.9% CPU
Optimizing NNI: done in 1.38421 secs using 397.4% CPU
Estimate model parameters (epsilon = 0.100)
BETTER TREE FOUND at iteration 5: -7017.752
Optimizing NNI: done in 1.16674 secs using 396.6% CPU
Optimizing NNI: done in 1.11827 secs using 399.5% CPU
Optimizing NNI: done in 1.14866 secs using 397.1% CPU
Optimizing NNI: done in 2.76937 secs using 397.4% CPU
Optimizing NNI: done in 1.60507 secs using 398.4% CPU
Estimate model parameters (epsilon = 0.100)
BETTER TREE FOUND at iteration 10: -7014.772
Iteration 10 / LogL: -7014.772 / Time: 0h:1m:22s
Optimizing NNI: done in 1.15045 secs using 397.7% CPU
Optimizing NNI: done in 1.03137 secs using 399.6% CPU
Optimizing NNI: done in 1.1565 secs using 400% CPU
Optimizing NNI: done in 1.04059 secs using 396.4% CPU
Optimizing NNI: done in 1.09335 secs using 397.9% CPU
Optimizing NNI: done in 1.16851 secs using 398.2% CPU
Optimizing NNI: done in 1.10007 secs using 398.3% CPU
Optimizing NNI: done in 1.05513 secs using 399.2% CPU
Optimizing NNI: done in 0.973469 secs using 399.2% CPU
Optimizing NNI: done in 2.98425 secs using 398% CPU
Iteration 20 / LogL: -7015.389 / Time: 0h:1m:35s
Finish initializing candidate tree set (20)
Current best tree score: -7014.772 / CPU time: 33.429
Number of iterations: 20
--------------------------------------------------------------------
|               OPTIMIZING CANDIDATE TREE SET                      |
--------------------------------------------------------------------
Optimizing NNI: done in 1.16282 secs using 398.2% CPU
Optimizing NNI: done in 1.23966 secs using 398.8% CPU
Estimate model parameters (epsilon = 0.100)
BETTER TREE FOUND at iteration 22: -7013.345
Optimizing NNI: done in 0.692722 secs using 398.8% CPU
Optimizing NNI: done in 1.28068 secs using 398% CPU
Optimizing NNI: done in 1.0824 secs using 398.7% CPU
Optimizing NNI: done in 1.21207 secs using 397.6% CPU
Optimizing NNI: done in 0.852791 secs using 398.5% CPU
Optimizing NNI: done in 1.26511 secs using 399.2% CPU
Optimizing NNI: done in 1.1301 secs using 397.7% CPU
Optimizing NNI: done in 1.04527 secs using 396.6% CPU
Iteration 30 / LogL: -7013.955 / Time: 0h:1m:46s (0h:5m:37s left)
Optimizing NNI: done in 1.22661 secs using 395.1% CPU
Optimizing NNI: done in 2.83188 secs using 398% CPU
Optimizing NNI: done in 1.35446 secs using 399% CPU
Optimizing NNI: done in 1.23215 secs using 398.7% CPU
Estimate model parameters (epsilon = 0.100)
BETTER TREE FOUND at iteration 34: -7011.628
Optimizing NNI: done in 1.43775 secs using 398.2% CPU
Optimizing NNI: done in 1.3502 secs using 399% CPU
Optimizing NNI: done in 0.930781 secs using 398.3% CPU
Optimizing NNI: done in 1.21101 secs using 398.3% CPU
Optimizing NNI: done in 1.09101 secs using 396.3% CPU
Optimizing NNI: done in 1.16911 secs using 398% CPU
Iteration 40 / LogL: -7013.611 / Time: 0h:2m:0s (0h:4m:50s left)
Optimizing NNI: done in 1.16575 secs using 398.9% CPU
Optimizing NNI: done in 1.20132 secs using 399.7% CPU
Optimizing NNI: done in 2.77117 secs using 393.8% CPU
Optimizing NNI: done in 1.40174 secs using 397.6% CPU
Optimizing NNI: done in 1.61379 secs using 396.9% CPU
Optimizing NNI: done in 0.997338 secs using 398.4% CPU
Optimizing NNI: done in 1.09181 secs using 398.6% CPU
Optimizing NNI: done in 0.952457 secs using 397.4% CPU
Optimizing NNI: done in 1.81996 secs using 397.6% CPU
Optimizing NNI: done in 1.02062 secs using 398.7% CPU
Iteration 50 / LogL: -7013.146 / Time: 0h:2m:15s (0h:3m:50s left)
Optimizing NNI: done in 1.18344 secs using 398.9% CPU
Estimate model parameters (epsilon = 0.100)
BETTER TREE FOUND at iteration 51: -7011.043
Optimizing NNI: done in 1.08412 secs using 398.6% CPU
Optimizing NNI: done in 1.38416 secs using 397.6% CPU
Optimizing NNI: done in 2.68398 secs using 397.8% CPU
Optimizing NNI: done in 1.25743 secs using 396.1% CPU
Optimizing NNI: done in 1.14356 secs using 398% CPU
Optimizing NNI: done in 1.08761 secs using 399.2% CPU
Optimizing NNI: done in 1.39808 secs using 395.8% CPU
Optimizing NNI: done in 1.04726 secs using 398.7% CPU
Optimizing NNI: done in 1.87757 secs using 398.5% CPU
Iteration 60 / LogL: -7030.441 / Time: 0h:2m:29s (0h:3m:49s left)
Optimizing NNI: done in 1.32518 secs using 397.1% CPU
Optimizing NNI: done in 1.88399 secs using 397% CPU
Optimizing NNI: done in 1.34912 secs using 397.7% CPU
Optimizing NNI: done in 2.74116 secs using 397.1% CPU
Optimizing NNI: done in 1.39815 secs using 396.3% CPU
Optimizing NNI: done in 1.39377 secs using 400% CPU
Optimizing NNI: done in 0.962684 secs using 399.6% CPU
Optimizing NNI: done in 1.26514 secs using 397.6% CPU
Optimizing NNI: done in 1.00055 secs using 398.2% CPU
Optimizing NNI: done in 0.825963 secs using 397.4% CPU
Iteration 70 / LogL: -7014.606 / Time: 0h:2m:43s (0h:3m:11s left)
Optimizing NNI: done in 1.35534 secs using 396.9% CPU
Optimizing NNI: done in 1.60859 secs using 397.6% CPU
Optimizing NNI: done in 1.10703 secs using 397.9% CPU
Optimizing NNI: done in 1.08319 secs using 396.5% CPU
Optimizing NNI: done in 3.62435 secs using 398.1% CPU
Optimizing NNI: done in 1.20507 secs using 397.8% CPU
Optimizing NNI: done in 1.26845 secs using 397.3% CPU
Optimizing NNI: done in 1.32907 secs using 398.6% CPU
Optimizing NNI: done in 1.49514 secs using 398.1% CPU
Optimizing NNI: done in 1.34891 secs using 396.8% CPU
Iteration 80 / LogL: -7011.328 / Time: 0h:2m:59s (0h:2m:40s left)
Optimizing NNI: done in 1.37569 secs using 398.4% CPU
Optimizing NNI: done in 1.20987 secs using 396.2% CPU
Optimizing NNI: done in 1.36705 secs using 398.2% CPU
Optimizing NNI: done in 2.42082 secs using 398% CPU
Optimizing NNI: done in 1.11955 secs using 397.8% CPU
Optimizing NNI: done in 1.26251 secs using 397.5% CPU
Optimizing NNI: done in 1.3219 secs using 397.5% CPU
Optimizing NNI: done in 1.01323 secs using 397.2% CPU
Optimizing NNI: done in 1.20477 secs using 396.8% CPU
Optimizing NNI: done in 1.04931 secs using 395.3% CPU
Iteration 90 / LogL: -7027.884 / Time: 0h:3m:12s (0h:2m:11s left)
Optimizing NNI: done in 0.842289 secs using 397.3% CPU
Optimizing NNI: done in 1.7175 secs using 397.4% CPU
Optimizing NNI: done in 0.929146 secs using 397% CPU
Optimizing NNI: done in 0.95281 secs using 398.1% CPU
Optimizing NNI: done in 1.07329 secs using 397.4% CPU
Optimizing NNI: done in 2.81741 secs using 397% CPU
Optimizing NNI: done in 0.827743 secs using 398.2% CPU
Optimizing NNI: done in 1.19631 secs using 398.3% CPU
Estimate model parameters (epsilon = 0.100)
BETTER TREE FOUND at iteration 98: -7010.864
Optimizing NNI: done in 1.61062 secs using 396.5% CPU
Optimizing NNI: done in 1.53202 secs using 397.9% CPU
Iteration 100 / LogL: -7102.256 / Time: 0h:3m:26s (0h:3m:23s left)
Optimizing NNI: done in 1.32347 secs using 398.3% CPU
Optimizing NNI: done in 1.26362 secs using 397.5% CPU
Optimizing NNI: done in 1.19463 secs using 398.3% CPU
Optimizing NNI: done in 1.08334 secs using 396.1% CPU
Optimizing NNI: done in 1.19712 secs using 397.3% CPU
Optimizing NNI: done in 1.16756 secs using 398.1% CPU
Optimizing NNI: done in 3.05763 secs using 397.3% CPU
Optimizing NNI: done in 1.16081 secs using 397.3% CPU
Optimizing NNI: done in 1.86848 secs using 398.3% CPU
Optimizing NNI: done in 1.19715 secs using 398.4% CPU
Iteration 110 / LogL: -7012.100 / Time: 0h:3m:41s (0h:2m:58s left)
Optimizing NNI: done in 1.13934 secs using 397.3% CPU
Optimizing NNI: done in 1.41802 secs using 397.6% CPU
Optimizing NNI: done in 1.41033 secs using 397.8% CPU
Optimizing NNI: done in 1.47425 secs using 397.9% CPU
Optimizing NNI: done in 1.12911 secs using 398.8% CPU
Optimizing NNI: done in 1.16158 secs using 397.5% CPU
Optimizing NNI: done in 2.99928 secs using 398.2% CPU
Optimizing NNI: done in 1.49498 secs using 398% CPU
Optimizing NNI: done in 1.36113 secs using 399.9% CPU
Optimizing NNI: done in 1.15847 secs using 397.2% CPU
Iteration 120 / LogL: -7011.813 / Time: 0h:3m:56s (0h:2m:34s left)
Optimizing NNI: done in 1.54395 secs using 397.7% CPU
Estimate model parameters (epsilon = 0.100)
BETTER TREE FOUND at iteration 121: -7010.697
Optimizing NNI: done in 1.37019 secs using 398% CPU
Optimizing NNI: done in 1.40755 secs using 399.3% CPU
Optimizing NNI: done in 1.58266 secs using 397% CPU
Optimizing NNI: done in 1.53412 secs using 396.1% CPU
Optimizing NNI: done in 2.62643 secs using 398.4% CPU
Optimizing NNI: done in 1.07169 secs using 397.5% CPU
Optimizing NNI: done in 1.06074 secs using 399.1% CPU
Optimizing NNI: done in 1.41499 secs using 398.6% CPU
Optimizing NNI: done in 1.4509 secs using 397.8% CPU
Iteration 130 / LogL: -7011.263 / Time: 0h:4m:11s (0h:2m:56s left)
Optimizing NNI: done in 1.6112 secs using 397.4% CPU
Optimizing NNI: done in 1.43088 secs using 397.8% CPU
Optimizing NNI: done in 0.838853 secs using 399.1% CPU
Optimizing NNI: done in 1.13418 secs using 397.7% CPU
Optimizing NNI: done in 1.76907 secs using 398.5% CPU
Optimizing NNI: done in 2.90784 secs using 398.3% CPU
Optimizing NNI: done in 1.39714 secs using 397.9% CPU
Optimizing NNI: done in 1.24658 secs using 396.5% CPU
Optimizing NNI: done in 1.6886 secs using 397.5% CPU
Optimizing NNI: done in 1.29023 secs using 398.6% CPU
Iteration 140 / LogL: -7035.740 / Time: 0h:4m:26s (0h:2m:35s left)
Optimizing NNI: done in 1.75436 secs using 398% CPU
Optimizing NNI: done in 1.94105 secs using 397.6% CPU
Optimizing NNI: done in 1.16294 secs using 396.8% CPU
Optimizing NNI: done in 1.08936 secs using 400.5% CPU
Optimizing NNI: done in 1.01977 secs using 397.3% CPU
BETTER TREE FOUND at iteration 145: -7010.697
Optimizing NNI: done in 3.2376 secs using 397.8% CPU
Optimizing NNI: done in 1.05751 secs using 396.1% CPU
Optimizing NNI: done in 1.298 secs using 396.7% CPU
Optimizing NNI: done in 1.27481 secs using 395.8% CPU
Optimizing NNI: done in 1.1017 secs using 398.1% CPU
Iteration 150 / LogL: -7019.076 / Time: 0h:4m:41s (0h:2m:59s left)
Optimizing NNI: done in 1.93799 secs using 398.1% CPU
Optimizing NNI: done in 1.39421 secs using 398.1% CPU
Optimizing NNI: done in 1.832 secs using 398.7% CPU
Optimizing NNI: done in 1.21305 secs using 398.5% CPU
Optimizing NNI: done in 3.51461 secs using 397.5% CPU
Optimizing NNI: done in 1.92648 secs using 397.3% CPU
BETTER TREE FOUND at iteration 156: -7010.697
Optimizing NNI: done in 1.23354 secs using 398% CPU
Optimizing NNI: done in 1.0375 secs using 398.5% CPU
Optimizing NNI: done in 1.31903 secs using 399.4% CPU
Optimizing NNI: done in 1.54221 secs using 395.9% CPU
Iteration 160 / LogL: -7010.697 / Time: 0h:4m:58s (0h:3m:0s left)
Optimizing NNI: done in 1.28853 secs using 398.3% CPU
Optimizing NNI: done in 1.40307 secs using 397.1% CPU
Optimizing NNI: done in 1.43476 secs using 398% CPU
UPDATE BEST LOG-LIKELIHOOD: -7010.697
Optimizing NNI: done in 3.65788 secs using 398.3% CPU
Optimizing NNI: done in 1.99986 secs using 398.5% CPU
Optimizing NNI: done in 1.01494 secs using 397.2% CPU
Optimizing NNI: done in 1.22464 secs using 396.2% CPU
Optimizing NNI: done in 1.33229 secs using 398.5% CPU
Optimizing NNI: done in 1.1615 secs using 397.9% CPU
Optimizing NNI: done in 1.04775 secs using 397.4% CPU
Iteration 170 / LogL: -7015.626 / Time: 0h:5m:14s (0h:2m:39s left)
Optimizing NNI: done in 1.57094 secs using 398.2% CPU
Optimizing NNI: done in 1.47593 secs using 397.3% CPU
Optimizing NNI: done in 1.53414 secs using 398.6% CPU
Optimizing NNI: done in 2.82844 secs using 396.1% CPU
Optimizing NNI: done in 1.40398 secs using 397.4% CPU
Optimizing NNI: done in 1.37832 secs using 395.7% CPU
Optimizing NNI: done in 1.66645 secs using 397.1% CPU
Optimizing NNI: done in 1.27774 secs using 398.1% CPU
Optimizing NNI: done in 0.87447 secs using 397.8% CPU
Optimizing NNI: done in 1.34633 secs using 397.7% CPU
Iteration 180 / LogL: -7011.367 / Time: 0h:5m:30s (0h:2m:19s left)
Optimizing NNI: done in 1.1862 secs using 398.8% CPU
Optimizing NNI: done in 1.28908 secs using 399.2% CPU
Optimizing NNI: done in 1.2524 secs using 399% CPU
Optimizing NNI: done in 2.55381 secs using 397.5% CPU
Optimizing NNI: done in 1.38585 secs using 396.9% CPU
Optimizing NNI: done in 1.23707 secs using 397.5% CPU
Optimizing NNI: done in 1.04631 secs using 395.4% CPU
Optimizing NNI: done in 1.26262 secs using 397.8% CPU
Optimizing NNI: done in 1.22751 secs using 398.2% CPU
Optimizing NNI: done in 1.18679 secs using 397.6% CPU
Iteration 190 / LogL: -7012.961 / Time: 0h:5m:43s (0h:1m:59s left)
Optimizing NNI: done in 1.82128 secs using 398.1% CPU
Optimizing NNI: done in 1.19691 secs using 398.7% CPU
Optimizing NNI: done in 1.69792 secs using 398.3% CPU
Optimizing NNI: done in 3.46037 secs using 398.4% CPU
Optimizing NNI: done in 1.33985 secs using 397.3% CPU
Optimizing NNI: done in 1.41351 secs using 397.4% CPU
Optimizing NNI: done in 1.50712 secs using 396.6% CPU
Optimizing NNI: done in 1.27553 secs using 398.3% CPU
Optimizing NNI: done in 1.2616 secs using 396.7% CPU
Optimizing NNI: done in 1.17455 secs using 398.7% CPU
Iteration 200 / LogL: -7013.104 / Time: 0h:5m:59s (0h:1m:41s left)
Optimizing NNI: done in 1.22429 secs using 398% CPU
Optimizing NNI: done in 1.32548 secs using 397.8% CPU
Optimizing NNI: done in 0.854867 secs using 397.1% CPU
Optimizing NNI: done in 3.40824 secs using 398.1% CPU
Optimizing NNI: done in 1.15496 secs using 396.4% CPU
Optimizing NNI: done in 1.74706 secs using 398.6% CPU
Optimizing NNI: done in 1.94822 secs using 397.5% CPU
Optimizing NNI: done in 1.78982 secs using 397.7% CPU
Optimizing NNI: done in 1.2724 secs using 398.3% CPU
Optimizing NNI: done in 0.874341 secs using 397.3% CPU
Iteration 210 / LogL: -7010.819 / Time: 0h:6m:15s (0h:1m:22s left)
Optimizing NNI: done in 1.30328 secs using 398.4% CPU
Optimizing NNI: done in 1.25814 secs using 395.5% CPU
Optimizing NNI: done in 2.94972 secs using 397.7% CPU
Optimizing NNI: done in 1.55544 secs using 398.6% CPU
Optimizing NNI: done in 1.28446 secs using 398.4% CPU
Optimizing NNI: done in 1.28386 secs using 398.5% CPU
Optimizing NNI: done in 0.934303 secs using 396.6% CPU
Optimizing NNI: done in 0.98481 secs using 398.2% CPU
Optimizing NNI: done in 1.13583 secs using 396.1% CPU
Optimizing NNI: done in 1.58056 secs using 398.4% CPU
Iteration 220 / LogL: -7010.697 / Time: 0h:6m:30s (0h:1m:4s left)
Optimizing NNI: done in 1.29675 secs using 397.4% CPU
Optimizing NNI: done in 1.15463 secs using 398% CPU
Optimizing NNI: done in 1.22741 secs using 399.6% CPU
Optimizing NNI: done in 2.68317 secs using 397.7% CPU
Optimizing NNI: done in 1.29959 secs using 396% CPU
Optimizing NNI: done in 1.11877 secs using 397.4% CPU
Optimizing NNI: done in 1.38192 secs using 397.9% CPU
Optimizing NNI: done in 1.58397 secs using 397.5% CPU
Optimizing NNI: done in 0.962531 secs using 399.6% CPU
Optimizing NNI: done in 1.38673 secs using 398% CPU
Iteration 230 / LogL: -7012.319 / Time: 0h:6m:44s (0h:0m:45s left)
Optimizing NNI: done in 1.32063 secs using 398.8% CPU
Optimizing NNI: done in 1.42224 secs using 399.3% CPU
Optimizing NNI: done in 1.49342 secs using 397.6% CPU
Optimizing NNI: done in 3.95942 secs using 398.4% CPU
Optimizing NNI: done in 1.18048 secs using 395.7% CPU
Optimizing NNI: done in 0.612536 secs using 396.4% CPU
Optimizing NNI: done in 1.22117 secs using 396.7% CPU
Optimizing NNI: done in 1.13182 secs using 397.2% CPU
Optimizing NNI: done in 1.62151 secs using 398% CPU
Optimizing NNI: done in 1.25336 secs using 396.1% CPU
Iteration 240 / LogL: -7010.697 / Time: 0h:6m:59s (0h:0m:28s left)
Optimizing NNI: done in 1.07464 secs using 399.3% CPU
Optimizing NNI: done in 1.62866 secs using 396.6% CPU
Optimizing NNI: done in 1.18039 secs using 397.5% CPU
Optimizing NNI: done in 3.012 secs using 398.3% CPU
Optimizing NNI: done in 1.51047 secs using 397.1% CPU
Optimizing NNI: done in 1.50492 secs using 398.8% CPU
UPDATE BEST LOG-LIKELIHOOD: -7010.697
Optimizing NNI: done in 1.67931 secs using 398% CPU
Optimizing NNI: done in 1.47485 secs using 397.5% CPU
Optimizing NNI: done in 1.50336 secs using 396.9% CPU
Optimizing NNI: done in 1.2558 secs using 397.5% CPU
Iteration 250 / LogL: -7010.697 / Time: 0h:7m:15s (0h:0m:10s left)
Optimizing NNI: done in 1.38022 secs using 398.5% CPU
Optimizing NNI: done in 0.852363 secs using 398% CPU
Optimizing NNI: done in 3.76108 secs using 397.2% CPU
Optimizing NNI: done in 1.35012 secs using 396.5% CPU
Optimizing NNI: done in 1.18101 secs using 398.1% CPU
Optimizing NNI: done in 1.27588 secs using 396.9% CPU
Optimizing NNI: done in 1.60779 secs using 397% CPU
TREE SEARCH COMPLETED AFTER 257 ITERATIONS / Time: 0h:7m:27s

--------------------------------------------------------------------
|                    FINALIZING TREE SEARCH                        |
--------------------------------------------------------------------
Performs final model parameters optimization
Estimate model parameters (epsilon = 0.010)
1. Initial log-likelihood: -7010.697
Optimal log-likelihood: -7010.697
Proportion of invariable sites: 0.035
Gamma shape alpha: 1.872
Parameters optimization took 1 rounds (0.122 sec)
BEST SCORE FOUND : -7010.697
Total tree length: 29.625

Total number of iterations: 257
CPU time used for tree search: 1529.378 sec (0h:25m:29s)
Wall-clock time used for tree search: 384.851 sec (0h:6m:24s)
Total CPU time used: 1709.269 sec (0h:28m:29s)
Total wall-clock time used: 447.177 sec (0h:7m:27s)

Analysis results written to: 
  IQ-TREE report:                output_iqtree/constrained_Cervidpoxvirus.iqtree
  Maximum-likelihood tree:       output_iqtree/constrained_Cervidpoxvirus.treefile
  Screen log file:               output_iqtree/constrained_Cervidpoxvirus.log

Date and Time: Sat Jul 25 10:07:13 2026
