# hmmsearch :: search profile(s) against a sequence database
# HMMER 3.4 (Aug 2023); http://hmmer.org/
# Copyright (C) 2023 Howard Hughes Medical Institute.
# Freely distributed under the BSD open source license.
# - - - - - - - - - - - - - - - - - - - - - - - - - - - - - - - - - - - -
# query HMM file:                  PF04508.hmm
# target sequence database:        output_phase4/combined_candidates.fasta
# output directed to file:         output_phase4/PF04508_hmmsearch.log
# per-dom hits tabular output:     output_phase4/cand_PF04508.domtbl
# - - - - - - - - - - - - - - - - - - - - - - - - - - - - - - - - - - - -

Query:       Pox_A_type_inc  [M=23]
Accession:   PF04508.18
Description: Viral A-type inclusion protein repeat
Scores for complete sequences (score includes all domains):
   --- full sequence ---   --- best 1 domain ---    -#dom-
    E-value  score  bias    E-value  score  bias    exp  N  Sequence Description
    ------- ------ -----    ------- ------ -----   ---- --  -------- -----------

   [No hits detected that satisfy reporting thresholds]


Domain annotation for each sequence (and alignments):

   [No targets detected that satisfy reporting thresholds]


Internal pipeline statistics summary:
-------------------------------------
Query model(s):                            1  (23 nodes)
Target sequences:                         85  (11039 residues searched)
Passed MSV filter:                         5  (0.0588235); expected 1.7 (0.02)
Passed bias filter:                        3  (0.0352941); expected 1.7 (0.02)
Passed Vit filter:                         0  (0); expected 0.1 (0.001)
Passed Fwd filter:                         0  (0); expected 0.0 (1e-05)
Initial search space (Z):                 85  [actual number of targets]
Domain search space  (domZ):               0  [number of targets reported over threshold]
# CPU time: 0.00u 0.00s 00:00:00.00 Elapsed: 00:00:00.01
# Mc/sec: 22.80
//
[ok]
