# hmmsearch :: search profile(s) against a sequence database
# HMMER 3.4 (Aug 2023); http://hmmer.org/
# Copyright (C) 2023 Howard Hughes Medical Institute.
# Freely distributed under the BSD open source license.
# - - - - - - - - - - - - - - - - - - - - - - - - - - - - - - - - - - - -
# query HMM file:                  PF06086.hmm
# target sequence database:        output_phase4/combined_candidates.fasta
# output directed to file:         output_phase4/PF06086_hmmsearch.log
# per-dom hits tabular output:     output_phase4/cand_PF06086.domtbl
# - - - - - - - - - - - - - - - - - - - - - - - - - - - - - - - - - - - -

Query:       Pox_A30L_A26L_N  [M=193]
Accession:   PF06086.19
Description: Orthopoxvirus A26L/A30L, N-terminal domain
Scores for complete sequences (score includes all domains):
   --- full sequence ---   --- best 1 domain ---    -#dom-
    E-value  score  bias    E-value  score  bias    exp  N  Sequence   Description
    ------- ------ -----    ------- ------ -----   ---- --  --------   -----------
    0.00052   12.1   0.6      0.001   11.2   0.2    1.6  2  QGT48981.1  


Domain annotation for each sequence (and alignments):
>> QGT48981.1  
   #    score  bias  c-Evalue  i-Evalue hmmfrom  hmm to    alifrom  ali to    envfrom  env to     acc
 ---   ------ ----- --------- --------- ------- -------    ------- -------    ------- -------    ----
   1 !   11.2   0.2   1.2e-05     0.001       5      94 ..      12      91 ..       9      94 .. 0.66
   2 ?   -2.6   0.0      0.19        16     129     154 ..     188     213 ..     175     214 .. 0.75

  Alignments for each domain:
  == domain 1  score: 11.2 bits;  conditional E-value: 1.2e-05
  Pox_A30L_A26L_N  5 kslVeetWnkkLsedsclsRkerkiiRnviRdymksapkadnesskseapvqlllkkyikknsyykk.lmkynneelkklleqlktsetis 94
                      +l+++ W+ k  ed  ++R++ kiiRn   +++k +  +++       p +ll+ ++  +n+y ++ +++ + ++   + ++++++ +is
       QGT48981.1 12 LELINDLWQVK-PEDYLFTRRDAKIIRN---YFIKVMDSESD-------PKDLLISSKNRDNQYITStIFTTDVNSDLYKKQNVPMTADIS 91
                     579999**998.578899**********...57777766664.......447777777777777654144444333333445666666666 PP

  == domain 2  score: -2.6 bits;  conditional E-value: 0.19
  Pox_A30L_A26L_N 129 vsekiarackkllnrvasihnrykck 154
                      +++++++ ++++l +v++++ +++++
       QGT48981.1 188 LYQSFDEDVTEVLDKVVQVADTHENT 213
                      66777777888888888888888876 PP



Internal pipeline statistics summary:
-------------------------------------
Query model(s):                            1  (193 nodes)
Target sequences:                         85  (11039 residues searched)
Passed MSV filter:                        23  (0.270588); expected 1.7 (0.02)
Passed bias filter:                       10  (0.117647); expected 1.7 (0.02)
Passed Vit filter:                         1  (0.0117647); expected 0.1 (0.001)
Passed Fwd filter:                         1  (0.0117647); expected 0.0 (1e-05)
Initial search space (Z):                 85  [actual number of targets]
Domain search space  (domZ):               1  [number of targets reported over threshold]
# CPU time: 0.01u 0.01s 00:00:00.02 Elapsed: 00:00:00.01
# Mc/sec: 148.01
//
[ok]
