# hmmsearch :: search profile(s) against a sequence database
# HMMER 3.4 (Aug 2023); http://hmmer.org/
# Copyright (C) 2023 Howard Hughes Medical Institute.
# Freely distributed under the BSD open source license.
# - - - - - - - - - - - - - - - - - - - - - - - - - - - - - - - - - - - -
# query HMM file:                  PF06086.hmm
# target sequence database:        output_phase5/annotated_orthologs.fasta
# output directed to file:         output_phase5/qc_PF06086_raw.log
# per-dom hits tabular output:     output_phase5/qc_PF06086_raw.domtbl
# - - - - - - - - - - - - - - - - - - - - - - - - - - - - - - - - - - - -

Query:       Pox_A30L_A26L_N  [M=193]
Accession:   PF06086.19
Description: Orthopoxvirus A26L/A30L, N-terminal domain
Scores for complete sequences (score includes all domains):
   --- full sequence ---   --- best 1 domain ---    -#dom-
    E-value  score  bias    E-value  score  bias    exp  N  Sequence Description
    ------- ------ -----    ------- ------ -----   ---- --  -------- -----------

   [No hits detected that satisfy reporting thresholds]


Domain annotation for each sequence (and alignments):

   [No targets detected that satisfy reporting thresholds]


Internal pipeline statistics summary:
-------------------------------------
Query model(s):                            1  (193 nodes)
Target sequences:                         83  (10510 residues searched)
Passed MSV filter:                        22  (0.26506); expected 1.7 (0.02)
Passed bias filter:                        9  (0.108434); expected 1.7 (0.02)
Passed Vit filter:                         0  (0); expected 0.1 (0.001)
Passed Fwd filter:                         0  (0); expected 0.0 (1e-05)
Initial search space (Z):                 83  [actual number of targets]
Domain search space  (domZ):               0  [number of targets reported over threshold]
# CPU time: 0.01u 0.00s 00:00:00.01 Elapsed: 00:00:00.00
# Mc/sec: 291.39
//
[ok]
